// Jest Snapshot v1, https://goo.gl/fbAQLP

exports[`test create expense page 1`] = `
<div
  className="content-container"
>
  <h2>
    CreateExpense
  </h2>
  <ExpenseForm
    onSubmit={[Function]}
  />
</div>
`;

exports[`test create expense submit 1`] = `
<div
  className="content-container"
>
  <h2>
    CreateExpense
  </h2>
  <ExpenseForm
    onSubmit={[Function]}
  />
</div>
`;
