// Jest Snapshot v1, https://goo.gl/fbAQLP

exports[`test edit expense page 1`] = `
<div
  className="content-container"
>
  <h2>
    Edit 
    tea
     
  </h2>
  <ExpenseForm
    amount={5000}
    createAt={"1970-01-01T00:00:00.000Z"}
    desc="tea"
    note="tea note"
    onSubmit={[Function]}
  />
  <button
    onClick={[Function]}
  >
    Remove
  </button>
</div>
`;

exports[`test edit expense submit 1`] = `
<div
  className="content-container"
>
  <h2>
    Edit 
    tea
     
  </h2>
  <ExpenseForm
    amount={5000}
    createAt={"1970-01-01T00:00:00.000Z"}
    desc="tea"
    note="tea note"
    onSubmit={[Function]}
  />
  <button
    onClick={[Function]}
  >
    Remove
  </button>
</div>
`;

exports[`test remove expense 1`] = `
<div
  className="content-container"
>
  <h2>
    Edit 
    tea
     
  </h2>
  <ExpenseForm
    amount={5000}
    createAt={"1970-01-01T00:00:00.000Z"}
    desc="tea"
    note="tea note"
    onSubmit={[Function]}
  />
  <button
    onClick={[Function]}
  >
    Remove
  </button>
</div>
`;
