// Jest Snapshot v1, https://goo.gl/fbAQLP

exports[`test expense list entry 1`] = `
<div
  className="entry"
>
  <h2>
    <Link
      to="/editExpense/2"
    >
      coffee
    </Link>
  </h2>
  <p>
    $25,000.00 on Dec 01, 1969
  </p>
</div>
`;
